export const snapshot = {};

snapshot[`css: build page with css dependencies 1`] = `
"/* before.css */
" +
  ".before {
" +
  "  color: blue;
" +
  "}
" +
  "
" +
  "/* dep.css */
" +
  ".dep {
" +
  "  color: blue;
" +
  "}
" +
  "
" +
  "/* main.css */
" +
  ".main {
" +
  "  color: red;
" +
  "}
" +
  "
" +
  "/* after.css */
" +
  ".after {
" +
  "  color: blue;
" +
  "}
" +
  "
" +
  "/* https://meyerweb.com/eric/tools/css/reset/reset.css */
" +
  "html,
" +
  "body,
" +
  "div,
" +
  "span,
" +
  "applet,
" +
  "object,
" +
  "iframe,
" +
  "h1,
" +
  "h2,
" +
  "h3,
" +
  "h4,
" +
  "h5,
" +
  "h6,
" +
  "p,
" +
  "blockquote,
" +
  "pre,
" +
  "a,
" +
  "abbr,
" +
  "acronym,
" +
  "address,
" +
  "big,
" +
  "cite,
" +
  "code,
" +
  "del,
" +
  "dfn,
" +
  "em,
" +
  "img,
" +
  "ins,
" +
  "kbd,
" +
  "q,
" +
  "s,
" +
  "samp,
" +
  "small,
" +
  "strike,
" +
  "strong,
" +
  "sub,
" +
  "sup,
" +
  "tt,
" +
  "var,
" +
  "b,
" +
  "u,
" +
  "i,
" +
  "center,
" +
  "dl,
" +
  "dt,
" +
  "dd,
" +
  "ol,
" +
  "ul,
" +
  "li,
" +
  "fieldset,
" +
  "form,
" +
  "label,
" +
  "legend,
" +
  "table,
" +
  "caption,
" +
  "tbody,
" +
  "tfoot,
" +
  "thead,
" +
  "tr,
" +
  "th,
" +
  "td,
" +
  "article,
" +
  "aside,
" +
  "canvas,
" +
  "details,
" +
  "embed,
" +
  "figure,
" +
  "figcaption,
" +
  "footer,
" +
  "header,
" +
  "hgroup,
" +
  "menu,
" +
  "nav,
" +
  "output,
" +
  "ruby,
" +
  "section,
" +
  "summary,
" +
  "time,
" +
  "mark,
" +
  "audio,
" +
  "video {
" +
  "  margin: 0;
" +
  "  padding: 0;
" +
  "  border: 0;
" +
  "  font-size: 100%;
" +
  "  font: inherit;
" +
  "  vertical-align: baseline;
" +
  "}
" +
  "article,
" +
  "aside,
" +
  "details,
" +
  "figcaption,
" +
  "figure,
" +
  "footer,
" +
  "header,
" +
  "hgroup,
" +
  "menu,
" +
  "nav,
" +
  "section {
" +
  "  display: block;
" +
  "}
" +
  "body {
" +
  "  line-height: 1;
" +
  "}
" +
  "ol,
" +
  "ul {
" +
  "  list-style: none;
" +
  "}
" +
  "blockquote,
" +
  "q {
" +
  "  quotes: none;
" +
  "}
" +
  "blockquote:before,
" +
  "blockquote:after,
" +
  "q:before,
" +
  "q:after {
" +
  '  content: "";
' +
  "  content: none;
" +
  "}
" +
  "table {
" +
  "  border-collapse: collapse;
" +
  "  border-spacing: 0;
" +
  "}
" +
  "
" +
  "/* node_modules/.deno/prismjs@1.29.0/node_modules/prismjs/themes/prism.css */
" +
  "code[class*=language-],
" +
  "pre[class*=language-] {
" +
  "  color: black;
" +
  "  background: none;
" +
  "  text-shadow: 0 1px white;
" +
  "  font-family:
" +
  "    Consolas,
" +
  "    Monaco,
" +
  '    "Andale Mono",
' +
  '    "Ubuntu Mono",
' +
  "    monospace;
" +
  "  font-size: 1em;
" +
  "  text-align: left;
" +
  "  white-space: pre;
" +
  "  word-spacing: normal;
" +
  "  word-break: normal;
" +
  "  word-wrap: normal;
" +
  "  line-height: 1.5;
" +
  "  -moz-tab-size: 4;
" +
  "  -o-tab-size: 4;
" +
  "  tab-size: 4;
" +
  "  -webkit-hyphens: none;
" +
  "  -moz-hyphens: none;
" +
  "  -ms-hyphens: none;
" +
  "  hyphens: none;
" +
  "}
" +
  "pre[class*=language-]::-moz-selection,
" +
  "pre[class*=language-] ::-moz-selection,
" +
  "code[class*=language-]::-moz-selection,
" +
  "code[class*=language-] ::-moz-selection {
" +
  "  text-shadow: none;
" +
  "  background: #b3d4fc;
" +
  "}
" +
  "pre[class*=language-]::selection,
" +
  "pre[class*=language-] ::selection,
" +
  "code[class*=language-]::selection,
" +
  "code[class*=language-] ::selection {
" +
  "  text-shadow: none;
" +
  "  background: #b3d4fc;
" +
  "}
" +
  "@media print {
" +
  "  code[class*=language-],
" +
  "  pre[class*=language-] {
" +
  "    text-shadow: none;
" +
  "  }
" +
  "}
" +
  "pre[class*=language-] {
" +
  "  padding: 1em;
" +
  "  margin: .5em 0;
" +
  "  overflow: auto;
" +
  "}
" +
  ":not(pre) > code[class*=language-],
" +
  "pre[class*=language-] {
" +
  "  background: #f5f2f0;
" +
  "}
" +
  ":not(pre) > code[class*=language-] {
" +
  "  padding: .1em;
" +
  "  border-radius: .3em;
" +
  "  white-space: normal;
" +
  "}
" +
  ".token.comment,
" +
  ".token.prolog,
" +
  ".token.doctype,
" +
  ".token.cdata {
" +
  "  color: slategray;
" +
  "}
" +
  ".token.punctuation {
" +
  "  color: #999;
" +
  "}
" +
  ".token.namespace {
" +
  "  opacity: .7;
" +
  "}
" +
  ".token.property,
" +
  ".token.tag,
" +
  ".token.boolean,
" +
  ".token.number,
" +
  ".token.constant,
" +
  ".token.symbol,
" +
  ".token.deleted {
" +
  "  color: #905;
" +
  "}
" +
  ".token.selector,
" +
  ".token.attr-name,
" +
  ".token.string,
" +
  ".token.char,
" +
  ".token.builtin,
" +
  ".token.inserted {
" +
  "  color: #690;
" +
  "}
" +
  ".token.operator,
" +
  ".token.entity,
" +
  ".token.url,
" +
  ".language-css .token.string,
" +
  ".style .token.string {
" +
  "  color: #9a6e3a;
" +
  "  background: hsla(0, 0%, 100%, .5);
" +
  "}
" +
  ".token.atrule,
" +
  ".token.attr-value,
" +
  ".token.keyword {
" +
  "  color: #07a;
" +
  "}
" +
  ".token.function,
" +
  ".token.class-name {
" +
  "  color: #DD4A68;
" +
  "}
" +
  ".token.regex,
" +
  ".token.important,
" +
  ".token.variable {
" +
  "  color: #e90;
" +
  "}
" +
  ".token.important,
" +
  ".token.bold {
" +
  "  font-weight: bold;
" +
  "}
" +
  ".token.italic {
" +
  "  font-style: italic;
" +
  "}
" +
  ".token.entity {
" +
  "  cursor: help;
" +
  "}
"
`;
